
> langos-app@0.1.0 build
> next build

node.exe : Γ¿» Failed to load next.config.ts, 
see more info here https://nextjs.org/docs/messa
ges/next-config-error
At line:1 char:1
+ & "C:\Program Files\nodejs/node.exe" 
"C:\Users\ashish.gogula\AppData\ ...
+ ~~~~~~~~~~~~~~~~~~~~~~~~~~~~~~~~~~~~~~~~~~~~~~
~~~~~~~~~~~~~~~~~~~~~~~
    + CategoryInfo          : NotSpecified: (Γ¿ 
   » Failed to l...xt-config-error:String) [],  
   RemoteException
    + FullyQualifiedErrorId : NativeCommandErro 
   r
 

> Build error occurred
Error: Cannot find module 'D:\Nothing\LangOS\nod
e_modules\@lingo.dev\compiler\build\plugin\index
.cjs'
    at ignore-listed frames {
  code: 'MODULE_NOT_FOUND',
  path: 'D:\\Nothing\\LangOS\\node_modules\\@lin
go.dev\\compiler'
}
